------------------------------------------------------------
Timing Analyzer Summary
------------------------------------------------------------

Type  : Slow 1100mV 85C Model Setup 'clk'
Slack : -9.799
TNS   : -431.068

Type  : Slow 1100mV 85C Model Hold 'clk'
Slack : 0.549
TNS   : 0.000

Type  : Slow 1100mV 85C Model Minimum Pulse Width 'clk'
Slack : -0.724
TNS   : -73.654

Type  : Slow 1100mV 0C Model Setup 'clk'
Slack : -10.007
TNS   : -432.646

Type  : Slow 1100mV 0C Model Hold 'clk'
Slack : 0.568
TNS   : 0.000

Type  : Slow 1100mV 0C Model Minimum Pulse Width 'clk'
Slack : -0.724
TNS   : -75.054

Type  : Fast 1100mV 85C Model Setup 'clk'
Slack : -3.478
TNS   : -139.162

Type  : Fast 1100mV 85C Model Hold 'clk'
Slack : 0.250
TNS   : 0.000

Type  : Fast 1100mV 85C Model Minimum Pulse Width 'clk'
Slack : -0.087
TNS   : -5.543

Type  : Fast 1100mV 0C Model Setup 'clk'
Slack : -3.169
TNS   : -122.340

Type  : Fast 1100mV 0C Model Hold 'clk'
Slack : 0.240
TNS   : 0.000

Type  : Fast 1100mV 0C Model Minimum Pulse Width 'clk'
Slack : -0.086
TNS   : -5.530

------------------------------------------------------------
